src/admins/admins.service.ts(63,5): error TS2740: Type 'Admin[]' is missing the following properties from type 'Admin': id, name, email, username, and 8 more.
src/auth/auth.controller.ts(55,62): error TS2345: Argument of type 'string | undefined' is not assignable to parameter of type 'string'.
  Type 'undefined' is not assignable to type 'string'.
src/sms/sms.service.ts(13,5): error TS2322: Type 'string | undefined' is not assignable to type 'string'.
  Type 'undefined' is not assignable to type 'string'.
src/sms/sms.service.ts(14,5): error TS2322: Type 'string | undefined' is not assignable to type 'string'.
  Type 'undefined' is not assignable to type 'string'.
src/sms/sms.service.ts(15,5): error TS2322: Type 'string | undefined' is not assignable to type 'string'.
  Type 'undefined' is not assignable to type 'string'.
